> Task :compileJava UP-TO-DATE
> Task :processResources UP-TO-DATE
> Task :classes UP-TO-DATE
> Task :resolveMainClassName UP-TO-DATE

> Task :bootRun

  .   ____          _            __ _ _
 /\\ / ___'_ __ _ _(_)_ __  __ _ \ \ \ \
( ( )\___ | '_ | '_| | '_ \/ _` | \ \ \ \
 \\/  ___)| |_)| | | | | || (_| |  ) ) ) )
  '  |____| .__|_| |_|_| |_\__, | / / / /
 =========|_|==============|___/=/_/_/_/

 :: Spring Boot ::                (v4.0.1)

2026-01-10T12:33:33.905+01:00  INFO 18370 --- [           main] com.example.demo.DemoApplication         : Starting DemoApplication using Java 25.0.1 with PID 18370 (/home/mateusz/Documents/GitHub/todo-list/build/classes/java/main started by mateusz in /home/mateusz/Documents/GitHub/todo-list)
2026-01-10T12:33:33.910+01:00  INFO 18370 --- [           main] com.example.demo.DemoApplication         : No active profile set, falling back to 1 default profile: "default"
2026-01-10T12:33:34.557+01:00  INFO 18370 --- [           main] .s.d.r.c.RepositoryConfigurationDelegate : Bootstrapping Spring Data JPA repositories in DEFAULT mode.
2026-01-10T12:33:34.607+01:00  INFO 18370 --- [           main] .s.d.r.c.RepositoryConfigurationDelegate : Finished Spring Data repository scanning in 41 ms. Found 2 JPA repository interfaces.
2026-01-10T12:33:35.033+01:00  INFO 18370 --- [           main] o.s.boot.tomcat.TomcatWebServer          : Tomcat initialized with port 8080 (http)
2026-01-10T12:33:35.047+01:00  INFO 18370 --- [           main] o.apache.catalina.core.StandardService   : Starting service [Tomcat]
2026-01-10T12:33:35.047+01:00  INFO 18370 --- [           main] o.apache.catalina.core.StandardEngine    : Starting Servlet engine: [Apache Tomcat/11.0.15]
2026-01-10T12:33:35.089+01:00  INFO 18370 --- [           main] b.w.c.s.WebApplicationContextInitializer : Root WebApplicationContext: initialization completed in 1126 ms
2026-01-10T12:33:35.239+01:00  INFO 18370 --- [           main] org.hibernate.orm.jpa                    : HHH008540: Processing PersistenceUnitInfo [name: default]
2026-01-10T12:33:35.280+01:00  INFO 18370 --- [           main] org.hibernate.orm.core                   : HHH000001: Hibernate ORM core version 7.2.0.Final
2026-01-10T12:33:35.691+01:00  INFO 18370 --- [           main] o.s.o.j.p.SpringPersistenceUnitInfo      : No LoadTimeWeaver setup: ignoring JPA class transformer
2026-01-10T12:33:35.728+01:00  INFO 18370 --- [           main] com.zaxxer.hikari.HikariDataSource       : HikariPool-1 - Starting...
2026-01-10T12:33:35.884+01:00  INFO 18370 --- [           main] com.zaxxer.hikari.pool.HikariPool        : HikariPool-1 - Added connection conn0: url=jdbc:h2:mem:todo user=USER
2026-01-10T12:33:35.885+01:00  INFO 18370 --- [           main] com.zaxxer.hikari.HikariDataSource       : HikariPool-1 - Start completed.
2026-01-10T12:33:35.907+01:00  WARN 18370 --- [           main] org.hibernate.orm.deprecation            : HHH90000025: H2Dialect does not need to be specified explicitly using 'hibernate.dialect' (remove the property setting and it will be selected by default)
2026-01-10T12:33:35.929+01:00  INFO 18370 --- [           main] org.hibernate.orm.connections.pooling    : HHH10001005: Database info:
	Database JDBC URL [jdbc:h2:mem:todo]
	Database driver: H2 JDBC Driver
	Database dialect: H2Dialect
	Database version: 2.4.240
	Default catalog/schema: TODO/PUBLIC
	Autocommit mode: undefined/unknown
	Isolation level: READ_COMMITTED [default READ_COMMITTED]
	JDBC fetch size: 100
	Pool: DataSourceConnectionProvider
	Minimum pool size: undefined/unknown
	Maximum pool size: undefined/unknown
2026-01-10T12:33:36.690+01:00  INFO 18370 --- [           main] org.hibernate.orm.core                   : HHH000489: No JTA platform available (set 'hibernate.transaction.jta.platform' to enable JTA platform integration)
Hibernate: create table category (id bigint generated by default as identity, name varchar(255), primary key (id))
Hibernate: create table todo (id bigint generated by default as identity, completed boolean not null, content varchar(255), deadline date, priority integer, category_id bigint, primary key (id))
Hibernate: alter table if exists todo add constraint FKeh6uro943emclp6kr1d4wysmo foreign key (category_id) references category
2026-01-10T12:33:36.756+01:00  INFO 18370 --- [           main] j.LocalContainerEntityManagerFactoryBean : Initialized JPA EntityManagerFactory for persistence unit 'default'
2026-01-10T12:33:36.847+01:00  INFO 18370 --- [           main] o.s.d.j.r.query.QueryEnhancerFactories   : Hibernate is in classpath; If applicable, HQL parser will be used.
2026-01-10T12:33:37.058+01:00  WARN 18370 --- [           main] JpaBaseConfiguration$JpaWebConfiguration : spring.jpa.open-in-view is enabled by default. Therefore, database queries may be performed during view rendering. Explicitly configure spring.jpa.open-in-view to disable this warning
2026-01-10T12:33:37.077+01:00  INFO 18370 --- [           main] o.s.b.w.a.WelcomePageHandlerMapping      : Adding welcome page: class path resource [static/index.html]
2026-01-10T12:33:37.353+01:00  INFO 18370 --- [           main] o.s.boot.tomcat.TomcatWebServer          : Tomcat started on port 8080 (http) with context path '/'
2026-01-10T12:33:37.359+01:00  INFO 18370 --- [           main] com.example.demo.DemoApplication         : Started DemoApplication in 3.903 seconds (process running for 4.291)
2026-01-10T12:34:09.406+01:00  INFO 18370 --- [nio-8080-exec-1] o.a.c.c.C.[Tomcat].[localhost].[/]       : Initializing Spring DispatcherServlet 'dispatcherServlet'
2026-01-10T12:34:09.406+01:00  INFO 18370 --- [nio-8080-exec-1] o.s.web.servlet.DispatcherServlet        : Initializing Servlet 'dispatcherServlet'
2026-01-10T12:34:09.408+01:00  INFO 18370 --- [nio-8080-exec-1] o.s.web.servlet.DispatcherServlet        : Completed initialization in 2 ms
Hibernate: select c1_0.id,c1_0.name from category c1_0
Hibernate: select t1_0.id,t1_0.category_id,t1_0.completed,t1_0.content,t1_0.deadline,t1_0.priority from todo t1_0
Hibernate: select c1_0.id,c1_0.name from category c1_0 where c1_0.name=?
Hibernate: insert into category (name,id) values (?,default)
Hibernate: insert into todo (category_id,completed,content,deadline,priority,id) values (?,?,?,?,?,default)
Hibernate: select c1_0.id,c1_0.name from category c1_0
Hibernate: select t1_0.id,t1_0.category_id,t1_0.completed,t1_0.content,t1_0.deadline,t1_0.priority from todo t1_0
Hibernate: select c1_0.id,c1_0.name from category c1_0 where c1_0.id=?
Hibernate: select t1_0.id,t1_0.category_id,t1_0.completed,t1_0.content,t1_0.deadline,t1_0.priority from todo t1_0 where t1_0.category_id=?
Hibernate: select c1_0.id,c1_0.name from category c1_0 where c1_0.id=?
Hibernate: update todo set category_id=?,completed=?,content=?,deadline=?,priority=? where id=?
Hibernate: delete from category where id=?
Hibernate: select c1_0.id,c1_0.name from category c1_0
Hibernate: select t1_0.id,t1_0.category_id,t1_0.completed,t1_0.content,t1_0.deadline,t1_0.priority from todo t1_0
Hibernate: select c1_0.id,c1_0.name from category c1_0 where c1_0.name=?
Hibernate: insert into category (name,id) values (?,default)
Hibernate: insert into todo (category_id,completed,content,deadline,priority,id) values (?,?,?,?,?,default)
Hibernate: select t1_0.id,t1_0.category_id,t1_0.completed,t1_0.content,t1_0.deadline,t1_0.priority from todo t1_0
Hibernate: select c1_0.id,c1_0.name from category c1_0
Hibernate: select c1_0.id,c1_0.name from category c1_0 where c1_0.id=?
Hibernate: select t1_0.id,t1_0.category_id,t1_0.completed,t1_0.content,t1_0.deadline,t1_0.priority from todo t1_0 where t1_0.category_id=?
Hibernate: select c1_0.id,c1_0.name from category c1_0 where c1_0.id=?
Hibernate: update todo set category_id=?,completed=?,content=?,deadline=?,priority=? where id=?
Hibernate: delete from category where id=?
Hibernate: select c1_0.id,c1_0.name from category c1_0
Hibernate: select t1_0.id,t1_0.category_id,t1_0.completed,t1_0.content,t1_0.deadline,t1_0.priority from todo t1_0
Hibernate: select t1_0.id,c1_0.id,c1_0.name,t1_0.completed,t1_0.content,t1_0.deadline,t1_0.priority from todo t1_0 left join category c1_0 on c1_0.id=t1_0.category_id where t1_0.id=?
Hibernate: delete from todo where id=?
Hibernate: select t1_0.id,c1_0.id,c1_0.name,t1_0.completed,t1_0.content,t1_0.deadline,t1_0.priority from todo t1_0 left join category c1_0 on c1_0.id=t1_0.category_id where t1_0.id=?
Hibernate: delete from todo where id=?
